---
source: tui/src/pets/ansi_half_block_tests.rs
expression: rendered
---
C-3PH0
·▀▀▄·▄▀▀▀▀▀▀▀▀▀▀▄▄··▄▀▀·
··▀▀▀▀▀▀▀▀▀▀▀▀▀▀▀▀▀▀▀▀··
···▀▀▀▀▀▀▀▀▀▀▀▀▀▀▀▀▀▀···
···▀▀▀▀▀▀▀▀▀▀▀▀▀▀▀▀▀····
··▄▀▀▀▀▀▀▀▀▀▀▀▀▀▀▀▀▀·▄·▄
··▀▀▀▀▀▀▀▀▀▀▀▀▀▀▀▀▀▀·▀▀▀
·▀▀▀▀▀▀·▀▀▀▀▀▀▀▀▄▀▀·····
·▀▀▀▀▀▀▀▄▄·····▄▀▀······
··▀▀▀▀▀▀▀▀▀▄▄▀▀▀▀▀······
··▀▀·▀▀▀▀▀▀▀▀▀▀▀▀▀▀·····
····▀▀▀▀▀▀▀▀▀▀▀▀▀▀▀▀····
···▀▀▀▀▀▀▀▀▀▀▀▀▀▀▀▀▀▀···

HAI
························
······▄▄▄▄▄▄▄▄▄▄▄▄······
···▀▀▀▀▀▀▀▀▀▀▀▀▀▀▀▀▀▀···
···▀▀▀▀▀▀▀▀▀▀▀▀▀▀▀▀▀▀···
····▀▀▀▀▀▀▀▀▀▀▀▀▀▀▀▀·▀··
····▀▀▀▀▀▀▀▀▀▀▀▀▀▀▀▀▀···
·····▀▀▀▀▀▀▀▀▀▀▀▀▀▀··▀··
······▀▀▀▀▀▀▀▀▀▀▀▀▀▀▀···
·······▄·▀▀▀▀▀▀·▄·······
······▄▀▀▀▄▀▀▀▀▀▀▄······
·····▄▀▀▀▀▀▀▀▀▀▀▀▀▄·····
····▄▀▀▀▀▀▀▀▀▀▀▀▀▀▀▄····

Clautist
························
························
························
····▀···▀▄▄▄▄▄▄▄▀···▀···
····▄▀▀▀▀▀▀▀▀▀▀▀▀▀▀▀▄···
··▄▀▀▀▀▀▀▀▀▀▀▀▀▀▀▀▀▀▀▀▄·
··▀▀▀▀▀▀▀▀▀▀▀▀▀▀▀▀▀▀▀▀▀·
···▀▀▀▀▀▀▀▀▀▀▀▀▀▀▀▀▀▀▀··
·····▀▀▀▀▀▀▀▀▀▀▀▀▀▀▀····
························
························
························

Jasonelle
···▄▄··············▄▄···
··▄▀▀▀▀··▄▄▄▄▄▄··▄▀▀▀▄··
··▀▀▀▀▀▀▀▀▀▀▀▀▀▀▀▀▀▀▀▀··
··▀▀▀▀▀▀▀▀▀▀▀▀▀▀▀▀▀▀▀▀··
····▀▀▀▀▀▀▀▀▀▀▀▀▀▀▀▀····
···▀▀▀▀▀▀▀▀▀▀▀▀▀▀▀▀▀▀···
···▀▀▀▀▀▀▀▀▀▀▀▀▀▀▀▀▀▀···
···▀▀▀▀▀▀▀▀▀▀▀▀▀▀▀▀▀▀···
····▀▀▀▀▀▀▀▀▀▀▀▀▀▀▀▀····
····▀▀▀▀▀▀▀▀▀▀▀▀▀▀▀▀····
···▀▀▀▀▀▀▀▀▀▀▀▀▀▀▀▀▀▀···
····▀▀▀▀▀▀▀▀▀▀▀▀▀▀▀▀····

Centurion
········▄▀▀▄▄▄▄▄▄·······
······▀▀▀▀▀▀▀▀▀▀▀▀▄····▀
····▀▀▀▀▀▀▀▀▀▀▀▀▀▀▀▀▄▄▄·
···▀▀▀▀▀▀▀▀▀▀▀▀▀▀▀▀··▄▀·
····▄▀▀▀▀▀▀▀▀▀▀▀▀▀▀▄···▀
····▀▀▀▀▀▀▀▀▀▀▀▀▀▀▀▀·▄▀·
·····▀▀▀▀▀▀▀▀▀▀▀▀▀▀▀▀▀▀·
·····▀▀▀▀▀▀▀▀▀▀▀▀▀▀·····
···▄▀▀▀▀▀▀▀▀▀▀▀▀▀▀▀▀▄···
···▀▀▀▀▀▀▀▀▀▀▀▀▀▀▀▀▀▀···
···▀▀▀▀▀▀▀▀▀▀▀▀▀▀▀▀▀▀···
·····▀▀▀▀▀▀▀▀▀▀▀▀▀▀▀····
